2025-12-17 21:44:12 [INFO]: The user clicks on the Form menu option
2025-12-17 21:44:13 [INFO]: The user is on the form
2025-12-17 21:44:14 [INFO]: The input field is complete with the text: "testeando"
2025-12-17 21:44:15 [INFO]: The second field is complete with testeando and its the same as the first one
2025-12-17 21:44:16 [INFO]: The switch is now OFF
2025-12-17 21:44:16 [INFO]: Dropdown opened
2025-12-17 21:44:18 [INFO]: Option 1: Select an item...
2025-12-17 21:44:19 [INFO]: Option 2: webdriver.io is awesome
2025-12-17 21:44:21 [INFO]: Option 3: Appium is awesome
2025-12-17 21:44:22 [INFO]: Option 4: This app is awesome
2025-12-17 21:44:26 [INFO]: The button is active
2025-12-17 21:44:26 [INFO]: The button pop up appears
2025-12-17 21:45:13 [INFO]: The user clicks on the Form menu option
2025-12-17 21:45:13 [INFO]: The user is on the form
2025-12-17 21:45:14 [INFO]: The input field is complete with the text: "testeando"
2025-12-17 21:45:15 [INFO]: The second field is complete with testeando and its the same as the first one
2025-12-17 21:45:16 [INFO]: The switch is now OFF
2025-12-17 21:45:17 [INFO]: Dropdown opened
2025-12-17 21:45:18 [INFO]: Option 1: Select an item...
2025-12-17 21:45:20 [INFO]: Option 2: webdriver.io is awesome
2025-12-17 21:45:21 [INFO]: Option 3: Appium is awesome
2025-12-17 21:45:23 [INFO]: Option 4: This app is awesome
2025-12-17 21:45:26 [INFO]: The button is active
2025-12-17 21:45:27 [INFO]: The button pop up appears
2025-12-17 21:45:27 [INFO]: The button clicked is: ASK ME LATER
2025-12-17 21:45:29 [INFO]: The button is active
2025-12-17 21:45:29 [INFO]: The button pop up appears
2025-12-17 21:45:29 [INFO]: The button clicked is: OK
2025-12-17 21:45:31 [INFO]: The button is active
2025-12-17 21:45:31 [INFO]: The button pop up appears
2025-12-17 21:45:31 [INFO]: The button clicked is: CANCEL
